com.github.maximjev.CompatibleSnapshotFileTest.shouldIncludeFields=[
  {
    "str1": "aaaasdsssf",
    "int1": 1,
    "list": [
      "red",
      "blue",
      "green"
    ]
  }
]


com.github.maximjev.CompatibleSnapshotFileTest.shouldExcludeWildCard=[
  { }
]


com.github.maximjev.CompatibleSnapshotFileTest.shouldCreateScenariosForParameterizedTests[third]=[
  "expected"
]


com.github.maximjev.CompatibleSnapshotFileTest.shouldCreateScenariosForParameterizedTests[fourth]=[
  "expected"
]


com.github.maximjev.CompatibleSnapshotFileTest.shouldCreateScenariosForParameterizedTests[second]=[
  "expected"
]


com.github.maximjev.CompatibleSnapshotFileTest.shouldExcludeDynamicFields=[
  {
    "sub": {
      "val": "subvalue"
    },
    "str1": "asdssf",
    "int1": 1,
    "stringArray": [
      "apple",
      "banana"
    ],
    "staticValue": "TEST"
  }
]


com.github.maximjev.CompatibleSnapshotFileTest.shouldCreateSnapshotWithScenario[scenario]=[
  "expected"
]


com.github.maximjev.CompatibleSnapshotFileTest.shouldResolveFirstCallerMethod=[
  "expected"
]


com.github.maximjev.CompatibleSnapshotFileTest.shouldMatchStringSnapshot=[
  "expected"
]


com.github.maximjev.CompatibleSnapshotFileTest.shouldCreateScenariosForParameterizedTests[first]=[
  "expected"
]


com.github.maximjev.CompatibleSnapshotFileTest.shouldUpdateSnapshot=[
  "expected"
]