lt.vu.mif.javasnapshot.SnapshotTest.shouldResolveFirstCallerMethod=[
  "expected"
]


lt.vu.mif.javasnapshot.SnapshotTest.shouldCreateScenariosForParameterizedTests[second]=[
  "expected"
]


lt.vu.mif.javasnapshot.SnapshotTest.shouldIncludeFields=[
  {
    "str1": "aaaasdsssf",
    "int1": 1,
    "list": [
      "red",
      "blue",
      "green"
    ]
  }
]


lt.vu.mif.javasnapshot.SnapshotTest.shouldExcludeWildCard=[
  { }
]


lt.vu.mif.javasnapshot.SnapshotTest.shouldCreateScenariosForParameterizedTests[first]=[
  "expected"
]


lt.vu.mif.javasnapshot.SnapshotTest.shouldExcludeDynamicFields=[
  {
    "sub": {
      "val": "subvalue"
    },
    "str1": "asdssf",
    "int1": 1,
    "stringArray": [
      "apple",
      "banana"
    ],
    "staticValue": "TEST"
  }
]


lt.vu.mif.javasnapshot.SnapshotTest.shouldCreateSnapshotWithScenario[scenario]=[
  "expected"
]


lt.vu.mif.javasnapshot.SnapshotTest.shouldCreateScenariosForParameterizedTests[fourth]=[
  "expected"
]


lt.vu.mif.javasnapshot.SnapshotTest.shouldMatchStringSnapshot=[
  "expected"
]


lt.vu.mif.javasnapshot.SnapshotTest.shouldCreateScenariosForParameterizedTests[third]=[
  "expected"
]